{
    "int_lhs": 4294967296,
    "unary_plus": 1
}